02-13 18:59:06.814 32675 32698 I TestRunner: started: grid_list_content_on_first_page(com.example.dogglers.GridListTests)
02-13 18:59:06.818 32675 32698 W Settings: Setting always_finish_activities has moved from android.provider.Settings.System to android.provider.Settings.Global, returning read-only value.
02-13 18:59:06.831   900   963 D SplashScreenView: Build android.window.SplashScreenView{e5312bf V.E...... ......ID 0,0-0,0}
02-13 18:59:06.831   900   963 D SplashScreenView: Icon: view: null drawable: null size: 0
02-13 18:59:06.831   900   963 D SplashScreenView: Branding: view: android.view.View{7cf5d8c G.ED..... ......I. 0,0-0,0 #10204a6 android:id/splashscreen_branding_view} drawable: null size w: 0 h: 0
02-13 18:59:06.844 32675 32675 D LifecycleMonitor: Lifecycle status change: androidx.test.core.app.InstrumentationActivityInvoker$BootstrapActivity@523c536 in: PRE_ON_CREATE
02-13 18:59:06.845 32675 32675 V ActivityScenario: Activity lifecycle changed event received but ignored because the intent does not match. startActivityIntent=Intent { act=android.intent.action.MAIN cat=[android.intent.category.LAUNCHER] cmp=com.example.dogglers/.GridListActivity }, activity.getIntent()=Intent { act=android.intent.action.MAIN cat=[android.intent.category.LAUNCHER] flg=0x10008000 cmp=com.example.dogglers/androidx.test.core.app.InstrumentationActivityInvoker$BootstrapActivity (has extras) }, activity=androidx.test.core.app.InstrumentationActivityInvoker$BootstrapActivity@523c536
02-13 18:59:06.850 32675 32675 D LifecycleMonitor: Lifecycle status change: androidx.test.core.app.InstrumentationActivityInvoker$BootstrapActivity@523c536 in: CREATED
02-13 18:59:06.851 32675 32675 V ActivityScenario: Activity lifecycle changed event received but ignored because the intent does not match. startActivityIntent=Intent { act=android.intent.action.MAIN cat=[android.intent.category.LAUNCHER] cmp=com.example.dogglers/.GridListActivity }, activity.getIntent()=Intent { act=android.intent.action.MAIN cat=[android.intent.category.LAUNCHER] flg=0x10008000 cmp=com.example.dogglers/androidx.test.core.app.InstrumentationActivityInvoker$BootstrapActivity (has extras) }, activity=androidx.test.core.app.InstrumentationActivityInvoker$BootstrapActivity@523c536
02-13 18:59:06.853 32675 32675 D LifecycleMonitor: Lifecycle status change: androidx.test.core.app.InstrumentationActivityInvoker$BootstrapActivity@523c536 in: STARTED
02-13 18:59:06.854 32675 32675 V ActivityScenario: Activity lifecycle changed event received but ignored because the intent does not match. startActivityIntent=Intent { act=android.intent.action.MAIN cat=[android.intent.category.LAUNCHER] cmp=com.example.dogglers/.GridListActivity }, activity.getIntent()=Intent { act=android.intent.action.MAIN cat=[android.intent.category.LAUNCHER] flg=0x10008000 cmp=com.example.dogglers/androidx.test.core.app.InstrumentationActivityInvoker$BootstrapActivity (has extras) }, activity=androidx.test.core.app.InstrumentationActivityInvoker$BootstrapActivity@523c536
02-13 18:59:06.856   369   369 D goldfish-address-space: claimShared: Ask to claim region [0x3f1348000 0x3f1cec000]
02-13 18:59:06.861 32675 32675 D LifecycleMonitor: Lifecycle status change: androidx.test.core.app.InstrumentationActivityInvoker$BootstrapActivity@523c536 in: RESUMED
02-13 18:59:06.861 32675 32675 V ActivityScenario: Activity lifecycle changed event received but ignored because the intent does not match. startActivityIntent=Intent { act=android.intent.action.MAIN cat=[android.intent.category.LAUNCHER] cmp=com.example.dogglers/.GridListActivity }, activity.getIntent()=Intent { act=android.intent.action.MAIN cat=[android.intent.category.LAUNCHER] flg=0x10008000 cmp=com.example.dogglers/androidx.test.core.app.InstrumentationActivityInvoker$BootstrapActivity (has extras) }, activity=androidx.test.core.app.InstrumentationActivityInvoker$BootstrapActivity@523c536
02-13 18:59:06.866 32675 32675 D LifecycleMonitor: Lifecycle status change: androidx.test.core.app.InstrumentationActivityInvoker$BootstrapActivity@523c536 in: PAUSED
02-13 18:59:06.867 32675 32675 V ActivityScenario: Activity lifecycle changed event received but ignored because the intent does not match. startActivityIntent=Intent { act=android.intent.action.MAIN cat=[android.intent.category.LAUNCHER] cmp=com.example.dogglers/.GridListActivity }, activity.getIntent()=Intent { act=android.intent.action.MAIN cat=[android.intent.category.LAUNCHER] flg=0x10008000 cmp=com.example.dogglers/androidx.test.core.app.InstrumentationActivityInvoker$BootstrapActivity (has extras) }, activity=androidx.test.core.app.InstrumentationActivityInvoker$BootstrapActivity@523c536
02-13 18:59:06.870   369   369 D goldfish-address-space: claimShared: Ask to claim region [0x3f1cec000 0x3f2690000]
02-13 18:59:06.872   369 11484 D goldfish-address-space: claimShared: Ask to claim region [0x3f4d65000 0x3f5709000]
02-13 18:59:06.896 32675 32675 D LifecycleMonitor: Lifecycle status change: com.example.dogglers.GridListActivity@bf40928 in: PRE_ON_CREATE
02-13 18:59:06.896 32675 32675 V ActivityScenario: Activity lifecycle changed event received but ignored because the reported transition was not ON_CREATE while the last known transition was PRE_ON_CREATE
02-13 18:59:06.915 32675 32675 D LifecycleMonitor: Lifecycle status change: com.example.dogglers.GridListActivity@bf40928 in: CREATED
02-13 18:59:06.916 32675 32675 V ActivityScenario: Update currentActivityStage to CREATED, currentActivity=com.example.dogglers.GridListActivity@bf40928
02-13 18:59:06.917 32675 32675 D LifecycleMonitor: Lifecycle status change: com.example.dogglers.GridListActivity@bf40928 in: STARTED
02-13 18:59:06.918 32675 32675 V ActivityScenario: Update currentActivityStage to STARTED, currentActivity=com.example.dogglers.GridListActivity@bf40928
02-13 18:59:06.919 32675 32675 D LifecycleMonitor: Lifecycle status change: com.example.dogglers.GridListActivity@bf40928 in: RESUMED
02-13 18:59:06.920 32675 32675 V ActivityScenario: Update currentActivityStage to RESUMED, currentActivity=com.example.dogglers.GridListActivity@bf40928
02-13 18:59:06.927 32675 32675 D LifecycleMonitor: Lifecycle status change: androidx.test.core.app.InstrumentationActivityInvoker$BootstrapActivity@523c536 in: STOPPED
02-13 18:59:06.928 32675 32675 V ActivityScenario: Activity lifecycle changed event received but ignored because the intent does not match. startActivityIntent=Intent { act=android.intent.action.MAIN cat=[android.intent.category.LAUNCHER] cmp=com.example.dogglers/.GridListActivity }, activity.getIntent()=Intent { act=android.intent.action.MAIN cat=[android.intent.category.LAUNCHER] flg=0x10008000 cmp=com.example.dogglers/androidx.test.core.app.InstrumentationActivityInvoker$BootstrapActivity (has extras) }, activity=androidx.test.core.app.InstrumentationActivityInvoker$BootstrapActivity@523c536
02-13 18:59:06.937  3043  3043 I GsaVoiceInteractionSrv: Handling ACTION_STOP_HOTWORD
02-13 18:59:06.938  3043  3043 E HwDetectorWithState: a: 3
02-13 18:59:06.943   369 11484 D goldfish-address-space: claimShared: Ask to claim region [0x3f8000000 0x3f89a4000]
02-13 18:59:06.953   369 11484 D goldfish-address-space: claimShared: Ask to claim region [0x3f89a4000 0x3f9348000]
02-13 18:59:06.955   369 11484 D goldfish-address-space: claimShared: Ask to claim region [0x3f9348000 0x3f9cec000]
02-13 18:59:07.085   570   617 I ActivityTaskManager: Displayed com.example.dogglers/.GridListActivity: +258ms
02-13 18:59:07.086 32675 32675 D RootViewPicker: Root not ready - waiting: 10ms for one to appear.
02-13 18:59:07.109  1510  1510 I GoogleInputMethodService: GoogleInputMethodService.onFinishInput():3420
02-13 18:59:07.109  1510  1510 I GoogleInputMethodService: GoogleInputMethodService.onStartInput():2002
02-13 18:59:07.110  1510  1510 I DeviceUnlockedTag: DeviceUnlockedTag.notifyDeviceLockStatusChanged():31 Notify device unlocked.
02-13 18:59:07.143 32675 32675 I ViewInteraction: Checking 'MatchesViewAssertion{viewMatcher=(view has effective visibility <VISIBLE> and view.getGlobalVisibleRect() to return non-empty rectangle)}' assertion on view an instance of android.widget.TextView and view.getText() with or without transformation to match: is "Nox"
02-13 18:59:07.173 32675 32675 D LifecycleMonitor: Lifecycle status change: com.example.dogglers.GridListActivity@bf40928 in: PAUSED
02-13 18:59:07.173 32675 32675 V ActivityScenario: Update currentActivityStage to PAUSED, currentActivity=com.example.dogglers.GridListActivity@bf40928
02-13 18:59:07.186 32675 32675 D LifecycleMonitor: Lifecycle status change: androidx.test.core.app.InstrumentationActivityInvoker$EmptyActivity@12ee508 in: PRE_ON_CREATE
02-13 18:59:07.186 32675 32675 V ActivityScenario: Activity lifecycle changed event received but ignored because the intent does not match. startActivityIntent=Intent { act=android.intent.action.MAIN cat=[android.intent.category.LAUNCHER] cmp=com.example.dogglers/.GridListActivity }, activity.getIntent()=Intent { act=android.intent.action.MAIN cat=[android.intent.category.LAUNCHER] flg=0x10000000 cmp=com.example.dogglers/androidx.test.core.app.InstrumentationActivityInvoker$EmptyActivity }, activity=androidx.test.core.app.InstrumentationActivityInvoker$EmptyActivity@12ee508
02-13 18:59:07.193 32675 32675 D LifecycleMonitor: Lifecycle status change: androidx.test.core.app.InstrumentationActivityInvoker$EmptyActivity@12ee508 in: CREATED
02-13 18:59:07.193 32675 32675 V ActivityScenario: Activity lifecycle changed event received but ignored because the intent does not match. startActivityIntent=Intent { act=android.intent.action.MAIN cat=[android.intent.category.LAUNCHER] cmp=com.example.dogglers/.GridListActivity }, activity.getIntent()=Intent { act=android.intent.action.MAIN cat=[android.intent.category.LAUNCHER] flg=0x10000000 cmp=com.example.dogglers/androidx.test.core.app.InstrumentationActivityInvoker$EmptyActivity }, activity=androidx.test.core.app.InstrumentationActivityInvoker$EmptyActivity@12ee508
02-13 18:59:07.194 32675 32675 D LifecycleMonitor: Lifecycle status change: androidx.test.core.app.InstrumentationActivityInvoker$EmptyActivity@12ee508 in: STARTED
02-13 18:59:07.195 32675 32675 V ActivityScenario: Activity lifecycle changed event received but ignored because the intent does not match. startActivityIntent=Intent { act=android.intent.action.MAIN cat=[android.intent.category.LAUNCHER] cmp=com.example.dogglers/.GridListActivity }, activity.getIntent()=Intent { act=android.intent.action.MAIN cat=[android.intent.category.LAUNCHER] flg=0x10000000 cmp=com.example.dogglers/androidx.test.core.app.InstrumentationActivityInvoker$EmptyActivity }, activity=androidx.test.core.app.InstrumentationActivityInvoker$EmptyActivity@12ee508
02-13 18:59:07.198 32675 32675 D LifecycleMonitor: Lifecycle status change: androidx.test.core.app.InstrumentationActivityInvoker$EmptyActivity@12ee508 in: RESUMED
02-13 18:59:07.198 32675 32675 V ActivityScenario: Activity lifecycle changed event received but ignored because the intent does not match. startActivityIntent=Intent { act=android.intent.action.MAIN cat=[android.intent.category.LAUNCHER] cmp=com.example.dogglers/.GridListActivity }, activity.getIntent()=Intent { act=android.intent.action.MAIN cat=[android.intent.category.LAUNCHER] flg=0x10000000 cmp=com.example.dogglers/androidx.test.core.app.InstrumentationActivityInvoker$EmptyActivity }, activity=androidx.test.core.app.InstrumentationActivityInvoker$EmptyActivity@12ee508
02-13 18:59:07.206  2466  2466 I A       : onApplyWindowInsets: systemWindowInsets=Insets{left=0, top=145, right=0, bottom=132}
02-13 18:59:07.208  2466  2466 I A       : onApplyWindowInsets: Adjusting for display cutouts. Safe insets: left=0, top=136, right=0, bottom=0
02-13 18:59:07.209  2466  2466 I A       : onApplyWindowInsets: systemWindowInsets=Insets{left=0, top=145, right=0, bottom=132}
02-13 18:59:07.218   369 11484 D goldfish-address-space: claimShared: Ask to claim region [0x3f0000000 0x3f09a4000]
02-13 18:59:07.221   369 11484 D goldfish-address-space: claimShared: Ask to claim region [0x3f09a4000 0x3f1348000]
02-13 18:59:07.223   369 11484 D goldfish-address-space: claimShared: Ask to claim region [0x3f6694000 0x3f7038000]
02-13 18:59:07.236   570   621 W InputManager-JNI: Input channel object 'b8d3ef3 Splash Screen com.example.dogglers (client)' was disposed without first being removed with the input manager!
02-13 18:59:07.240   570   617 I ActivityTaskManager: Displayed com.example.dogglers/androidx.test.core.app.InstrumentationActivityInvoker$EmptyActivity: +79ms
02-13 18:59:07.260 32675 32675 D LifecycleMonitor: Lifecycle status change: com.example.dogglers.GridListActivity@bf40928 in: STOPPED
02-13 18:59:07.260 32675 32675 V ActivityScenario: Update currentActivityStage to STOPPED, currentActivity=com.example.dogglers.GridListActivity@bf40928
02-13 18:59:07.263 32675 32675 D LifecycleMonitor: Lifecycle status change: com.example.dogglers.GridListActivity@bf40928 in: DESTROYED
02-13 18:59:07.263 32675 32675 V ActivityScenario: Update currentActivityStage to DESTROYED, currentActivity=null
02-13 18:59:07.269   570   971 W InputManager-JNI: Input channel object 'cd69855 com.example.dogglers/com.example.dogglers.GridListActivity (client)' was disposed without first being removed with the input manager!
02-13 18:59:07.282 32675 32675 D LifecycleMonitor: Lifecycle status change: androidx.test.core.app.InstrumentationActivityInvoker$EmptyActivity@12ee508 in: PAUSED
02-13 18:59:07.283 32675 32675 V ActivityScenario: Activity lifecycle changed event received but ignored because the intent does not match. startActivityIntent=Intent { act=android.intent.action.MAIN cat=[android.intent.category.LAUNCHER] cmp=com.example.dogglers/.GridListActivity }, activity.getIntent()=Intent { act=android.intent.action.MAIN cat=[android.intent.category.LAUNCHER] flg=0x10000000 cmp=com.example.dogglers/androidx.test.core.app.InstrumentationActivityInvoker$EmptyActivity }, activity=androidx.test.core.app.InstrumentationActivityInvoker$EmptyActivity@12ee508
02-13 18:59:07.286  1510  1510 I GoogleInputMethodService: GoogleInputMethodService.onFinishInput():3420
02-13 18:59:07.287  1510  1510 I GoogleInputMethodService: GoogleInputMethodService.onStartInput():2002
02-13 18:59:07.289  1510  1510 I DeviceUnlockedTag: DeviceUnlockedTag.notifyDeviceLockStatusChanged():31 Notify device unlocked.
02-13 18:59:07.292 32675 32675 D LifecycleMonitor: Lifecycle status change: androidx.test.core.app.InstrumentationActivityInvoker$BootstrapActivity@523c536 in: DESTROYED
02-13 18:59:07.293 32675 32675 V ActivityScenario: Activity lifecycle changed event received but ignored because the intent does not match. startActivityIntent=Intent { act=android.intent.action.MAIN cat=[android.intent.category.LAUNCHER] cmp=com.example.dogglers/.GridListActivity }, activity.getIntent()=Intent { act=android.intent.action.MAIN cat=[android.intent.category.LAUNCHER] flg=0x10008000 cmp=com.example.dogglers/androidx.test.core.app.InstrumentationActivityInvoker$BootstrapActivity (has extras) }, activity=androidx.test.core.app.InstrumentationActivityInvoker$BootstrapActivity@523c536
02-13 18:59:07.303 32675 32675 D LifecycleMonitor: Lifecycle status change: androidx.test.core.app.InstrumentationActivityInvoker$EmptyActivity@56d2f7f in: PRE_ON_CREATE
02-13 18:59:07.304 32675 32675 V ActivityScenario: Activity lifecycle changed event received but ignored because the intent does not match. startActivityIntent=Intent { act=android.intent.action.MAIN cat=[android.intent.category.LAUNCHER] cmp=com.example.dogglers/.GridListActivity }, activity.getIntent()=Intent { act=android.intent.action.MAIN cat=[android.intent.category.LAUNCHER] flg=0x10000000 cmp=com.example.dogglers/androidx.test.core.app.InstrumentationActivityInvoker$EmptyActivity }, activity=androidx.test.core.app.InstrumentationActivityInvoker$EmptyActivity@56d2f7f
02-13 18:59:07.313 32675 32675 D LifecycleMonitor: Lifecycle status change: androidx.test.core.app.InstrumentationActivityInvoker$EmptyActivity@56d2f7f in: CREATED
02-13 18:59:07.314 32675 32675 V ActivityScenario: Activity lifecycle changed event received but ignored because the intent does not match. startActivityIntent=Intent { act=android.intent.action.MAIN cat=[android.intent.category.LAUNCHER] cmp=com.example.dogglers/.GridListActivity }, activity.getIntent()=Intent { act=android.intent.action.MAIN cat=[android.intent.category.LAUNCHER] flg=0x10000000 cmp=com.example.dogglers/androidx.test.core.app.InstrumentationActivityInvoker$EmptyActivity }, activity=androidx.test.core.app.InstrumentationActivityInvoker$EmptyActivity@56d2f7f
02-13 18:59:07.319 32675 32675 D LifecycleMonitor: Lifecycle status change: androidx.test.core.app.InstrumentationActivityInvoker$EmptyActivity@56d2f7f in: STARTED
02-13 18:59:07.320 32675 32675 V ActivityScenario: Activity lifecycle changed event received but ignored because the intent does not match. startActivityIntent=Intent { act=android.intent.action.MAIN cat=[android.intent.category.LAUNCHER] cmp=com.example.dogglers/.GridListActivity }, activity.getIntent()=Intent { act=android.intent.action.MAIN cat=[android.intent.category.LAUNCHER] flg=0x10000000 cmp=com.example.dogglers/androidx.test.core.app.InstrumentationActivityInvoker$EmptyActivity }, activity=androidx.test.core.app.InstrumentationActivityInvoker$EmptyActivity@56d2f7f
02-13 18:59:07.323 32675 32675 D LifecycleMonitor: Lifecycle status change: androidx.test.core.app.InstrumentationActivityInvoker$EmptyActivity@56d2f7f in: RESUMED
02-13 18:59:07.323 32675 32675 V ActivityScenario: Activity lifecycle changed event received but ignored because the intent does not match. startActivityIntent=Intent { act=android.intent.action.MAIN cat=[android.intent.category.LAUNCHER] cmp=com.example.dogglers/.GridListActivity }, activity.getIntent()=Intent { act=android.intent.action.MAIN cat=[android.intent.category.LAUNCHER] flg=0x10000000 cmp=com.example.dogglers/androidx.test.core.app.InstrumentationActivityInvoker$EmptyActivity }, activity=androidx.test.core.app.InstrumentationActivityInvoker$EmptyActivity@56d2f7f
02-13 18:59:07.349   369 11484 D goldfish-address-space: claimShared: Ask to claim region [0x3f2f70000 0x3f3914000]
02-13 18:59:07.355   369 11484 D goldfish-address-space: claimShared: Ask to claim region [0x3f7038000 0x3f79dc000]
02-13 18:59:07.357   369 11484 D goldfish-address-space: claimShared: Ask to claim region [0x3f5709000 0x3f60ad000]
02-13 18:59:07.367   570   617 I ActivityTaskManager: Displayed com.example.dogglers/androidx.test.core.app.InstrumentationActivityInvoker$EmptyActivity: +107ms
02-13 18:59:07.386 32675 32675 D LifecycleMonitor: Lifecycle status change: androidx.test.core.app.InstrumentationActivityInvoker$EmptyActivity@12ee508 in: STOPPED
02-13 18:59:07.386 32675 32675 V ActivityScenario: Activity lifecycle changed event received but ignored because the intent does not match. startActivityIntent=Intent { act=android.intent.action.MAIN cat=[android.intent.category.LAUNCHER] cmp=com.example.dogglers/.GridListActivity }, activity.getIntent()=Intent { act=android.intent.action.MAIN cat=[android.intent.category.LAUNCHER] flg=0x10000000 cmp=com.example.dogglers/androidx.test.core.app.InstrumentationActivityInvoker$EmptyActivity }, activity=androidx.test.core.app.InstrumentationActivityInvoker$EmptyActivity@12ee508
02-13 18:59:07.393   369 11484 D goldfish-address-space: claimShared: Ask to claim region [0x3f3914000 0x3f3f40000]
02-13 18:59:07.414 32675 32675 D LifecycleMonitor: Lifecycle status change: androidx.test.core.app.InstrumentationActivityInvoker$EmptyActivity@12ee508 in: DESTROYED
02-13 18:59:07.414 32675 32675 V ActivityScenario: Activity lifecycle changed event received but ignored because the intent does not match. startActivityIntent=Intent { act=android.intent.action.MAIN cat=[android.intent.category.LAUNCHER] cmp=com.example.dogglers/.GridListActivity }, activity.getIntent()=Intent { act=android.intent.action.MAIN cat=[android.intent.category.LAUNCHER] flg=0x10000000 cmp=com.example.dogglers/androidx.test.core.app.InstrumentationActivityInvoker$EmptyActivity }, activity=androidx.test.core.app.InstrumentationActivityInvoker$EmptyActivity@12ee508
02-13 18:59:07.418   570  1552 W InputManager-JNI: Input channel object '67ae535 com.example.dogglers/androidx.test.core.app.InstrumentationActivityInvoker$EmptyActivity (client)' was disposed without first being removed with the input manager!
02-13 18:59:07.426 32675 32675 D LifecycleMonitor: Lifecycle status change: androidx.test.core.app.InstrumentationActivityInvoker$EmptyActivity@56d2f7f in: PAUSED
02-13 18:59:07.426 32675 32675 V ActivityScenario: Activity lifecycle changed event received but ignored because the intent does not match. startActivityIntent=Intent { act=android.intent.action.MAIN cat=[android.intent.category.LAUNCHER] cmp=com.example.dogglers/.GridListActivity }, activity.getIntent()=Intent { act=android.intent.action.MAIN cat=[android.intent.category.LAUNCHER] flg=0x10000000 cmp=com.example.dogglers/androidx.test.core.app.InstrumentationActivityInvoker$EmptyActivity }, activity=androidx.test.core.app.InstrumentationActivityInvoker$EmptyActivity@56d2f7f
02-13 18:59:07.433 32675 32698 I TestRunner: finished: grid_list_content_on_first_page(com.example.dogglers.GridListTests)
